  [1/20] fig-tv-chef--action-accuse--expr-annoyed--3a5c707d: START provider call
  [1/20] fig-tv-chef--action-accuse--expr-annoyed--3a5c707d: OK -> _staging/fig-tv-chef--action-accuse--expr-annoyed--3a5c707d.png
  [2/20] fig-qt-wiles--action-armscrossed--expr-smug--8f611ee5: START provider call
  [2/20] fig-qt-wiles--action-armscrossed--expr-smug--8f611ee5: OK -> _staging/fig-qt-wiles--action-armscrossed--expr-smug--8f611ee5.png
  [3/20] fig-qt-wiles--carry-by-handle--expr-deadpan--2c8c8b10: START provider call
  [3/20] fig-qt-wiles--carry-by-handle--expr-deadpan--2c8c8b10: OK -> _staging/fig-qt-wiles--carry-by-handle--expr-deadpan--2c8c8b10.png
  [4/20] fig-qt-wiles--action-armscrossed--expr-smug--091171af: START provider call
  [4/20] fig-qt-wiles--action-armscrossed--expr-smug--091171af: OK -> _staging/fig-qt-wiles--action-armscrossed--expr-smug--091171af.png
  [5/20] fig-tv-chef--hold-both-hands--expr-worried--56a59b22: START provider call
  [5/20] fig-tv-chef--hold-both-hands--expr-worried--56a59b22: OK -> _staging/fig-tv-chef--hold-both-hands--expr-worried--56a59b22.png
  [6/20] fig-qt-wiles--hold-paper-by-sides--expr-skeptical--be79523a: START provider call
  [6/20] fig-qt-wiles--hold-paper-by-sides--expr-skeptical--be79523a: OK -> _staging/fig-qt-wiles--hold-paper-by-sides--expr-skeptical--be79523a.png
  [7/20] fig-qt-wiles--action-armscrossed--expr-smug--d9ca3c82: START provider call
  [7/20] fig-qt-wiles--action-armscrossed--expr-smug--d9ca3c82: OK -> _staging/fig-qt-wiles--action-armscrossed--expr-smug--d9ca3c82.png
  [8/20] fig-qt-wiles--action-armscrossed--expr-smug--d7262f20: START provider call
  [8/20] fig-qt-wiles--action-armscrossed--expr-smug--d7262f20: OK -> _staging/fig-qt-wiles--action-armscrossed--expr-smug--d7262f20.png
  [9/20] fig-qt-wiles--point-at-thing--expr-deadpan--83ec0319: START provider call
  [9/20] fig-qt-wiles--point-at-thing--expr-deadpan--83ec0319: OK -> _staging/fig-qt-wiles--point-at-thing--expr-deadpan--83ec0319.png
  [10/20] fig-qt-wiles--expr-smug--5d92f2c3: START provider call
  [10/20] fig-qt-wiles--expr-smug--5d92f2c3: OK -> _staging/fig-qt-wiles--expr-smug--5d92f2c3.png
  [11/20] fig-brick-foreman--expr-delighted--5d92f2c3: START provider call
  [11/20] fig-brick-foreman--expr-delighted--5d92f2c3: OK -> _staging/fig-brick-foreman--expr-delighted--5d92f2c3.png
  [12/20] fig-brick-foreman--kneel-beg--expr-fear--70abebb4: START provider call
  [12/20] fig-brick-foreman--kneel-beg--expr-fear--70abebb4: OK -> _staging/fig-brick-foreman--kneel-beg--expr-fear--70abebb4.png
  [13/20] fig-brick-foreman--action-salute--expr-delighted--2819bdc8: START provider call
  [13/20] fig-brick-foreman--action-salute--expr-delighted--2819bdc8: OK -> _staging/fig-brick-foreman--action-salute--expr-delighted--2819bdc8.png
  [14/20] fig-qt-wiles--action-accuse--expr-deadpan--923f3970: START provider call
  [14/20] fig-qt-wiles--action-accuse--expr-deadpan--923f3970: OK -> _staging/fig-qt-wiles--action-accuse--expr-deadpan--923f3970.png
  [15/20] fig-brick-foreman--action-recoil--expr-surprised--639a586c: START provider call
  [15/20] fig-brick-foreman--action-recoil--expr-surprised--639a586c: OK -> _staging/fig-brick-foreman--action-recoil--expr-surprised--639a586c.png
  [16/20] fig-brick-foreman--action-armscrossed--expr-eyeroll--f9404c25: START provider call
  [16/20] fig-brick-foreman--action-armscrossed--expr-eyeroll--f9404c25: OK -> _staging/fig-brick-foreman--action-armscrossed--expr-eyeroll--f9404c25.png
  [17/20] fig-qt-wiles--action-offering--expr-smug--05a8c59c: START provider call
  [17/20] fig-qt-wiles--action-offering--expr-smug--05a8c59c: OK -> _staging/fig-qt-wiles--action-offering--expr-smug--05a8c59c.png
  [18/20] fig-miniscribe-rep--action-shrug--expr-worried--8b8fe3f4: START provider call
  [18/20] fig-miniscribe-rep--action-shrug--expr-worried--8b8fe3f4: OK -> _staging/fig-miniscribe-rep--action-shrug--expr-worried--8b8fe3f4.png
  [19/20] fig-brick-foreman--hold-one-hand--expr-deadpan--d938b214: START provider call
  [19/20] fig-brick-foreman--hold-one-hand--expr-deadpan--d938b214: ERR no image in response
  [20/20] fig-brick-foreman--sit--expr-thinking--7e8806a3: START provider call
  [20/20] fig-brick-foreman--sit--expr-thinking--7e8806a3: OK -> _staging/fig-brick-foreman--sit--expr-thinking--7e8806a3.png
  == 19 generated, 1 failed, 0 skipped, 0 held for review ==
