  [1/20] fig-drive-maker--carry-by-handle--expr-deadpan--f1c1d333: START provider call
  [1/20] fig-drive-maker--carry-by-handle--expr-deadpan--f1c1d333: OK -> _staging/fig-drive-maker--carry-by-handle--expr-deadpan--f1c1d333.png
  [2/20] fig-drive-maker--hold-both-hands--expr-greedy--12637e2e: START provider call
  [2/20] fig-drive-maker--hold-both-hands--expr-greedy--12637e2e: OK -> _staging/fig-drive-maker--hold-both-hands--expr-greedy--12637e2e.png
  [3/20] fig-drive-maker--action-present--expr-smug--5e51ec13: START provider call
  [3/20] fig-drive-maker--action-present--expr-smug--5e51ec13: OK -> _staging/fig-drive-maker--action-present--expr-smug--5e51ec13.png
  [4/20] fig-brick-foreman--back-to-viewer--7a3b93be: START provider call
  [4/20] fig-brick-foreman--back-to-viewer--7a3b93be: OK -> _staging/fig-brick-foreman--back-to-viewer--7a3b93be.png
  [5/20] fig-brick-foreman--action-shrug--expr-deadpan--1a78cea1: START provider call
  [5/20] fig-brick-foreman--action-shrug--expr-deadpan--1a78cea1: OK -> _staging/fig-brick-foreman--action-shrug--expr-deadpan--1a78cea1.png
  [6/20] fig-brick-foreman--hold-one-hand--expr-deadpan--16cc9e92: START provider call
  [6/20] fig-brick-foreman--hold-one-hand--expr-deadpan--16cc9e92: OK -> _staging/fig-brick-foreman--hold-one-hand--expr-deadpan--16cc9e92.png
  [7/20] fig-brick-foreman--hold-one-hand--expr-deadpan--ecc1ee75: START provider call
  [7/20] fig-brick-foreman--hold-one-hand--expr-deadpan--ecc1ee75: ERR no image in response
  [8/20] fig-terry-johnson--action-armscrossed--expr-thinking--5ccd2153: START provider call
  [8/20] fig-terry-johnson--action-armscrossed--expr-thinking--5ccd2153: OK -> _staging/fig-terry-johnson--action-armscrossed--expr-thinking--5ccd2153.png
  [9/20] fig-miniscribe-rep--action-recoil--expr-surprised--b5fa2de9: START provider call
  [9/20] fig-miniscribe-rep--action-recoil--expr-surprised--b5fa2de9: OK -> _staging/fig-miniscribe-rep--action-recoil--expr-surprised--b5fa2de9.png
  [10/20] fig-miniscribe-rep--action-celebrate--expr-delighted--d0a1613b: START provider call
  [10/20] fig-miniscribe-rep--action-celebrate--expr-delighted--d0a1613b: OK -> _staging/fig-miniscribe-rep--action-celebrate--expr-delighted--d0a1613b.png
  [11/20] fig-miniscribe-rep--action-powerstance--expr-greedy--db213695: START provider call
  [11/20] fig-miniscribe-rep--action-powerstance--expr-greedy--db213695: OK -> _staging/fig-miniscribe-rep--action-powerstance--expr-greedy--db213695.png
  [12/20] fig-miniscribe-rep--action-salute--expr-delighted--cac432e8: START provider call
  [12/20] fig-miniscribe-rep--action-salute--expr-delighted--cac432e8: OK -> _staging/fig-miniscribe-rep--action-salute--expr-delighted--cac432e8.png
  [13/20] fig-miniscribe-rep--hold-both-hands--expr-greedy--e0099a9a: START provider call
  [13/20] fig-miniscribe-rep--hold-both-hands--expr-greedy--e0099a9a: OK -> _staging/fig-miniscribe-rep--hold-both-hands--expr-greedy--e0099a9a.png
  [14/20] fig-miniscribe-rep--action-recoil--expr-surprised--0487471a: START provider call
  [14/20] fig-miniscribe-rep--action-recoil--expr-surprised--0487471a: OK -> _staging/fig-miniscribe-rep--action-recoil--expr-surprised--0487471a.png
  [15/20] fig-terry-johnson--carry-by-handle--expr-crestfallen--c5210e60: START provider call
  [15/20] fig-terry-johnson--carry-by-handle--expr-crestfallen--c5210e60: OK -> _staging/fig-terry-johnson--carry-by-handle--expr-crestfallen--c5210e60.png
  [16/20] fig-miniscribe-rep--action-slump--expr-worried--c5adffd7: START provider call
  [16/20] fig-miniscribe-rep--action-slump--expr-worried--c5adffd7: OK -> _staging/fig-miniscribe-rep--action-slump--expr-worried--c5adffd7.png
  [17/20] fig-hq-banker--action-armscrossed--expr-skeptical--2fcb84cb: START provider call
  [17/20] fig-hq-banker--action-armscrossed--expr-skeptical--2fcb84cb: OK -> _staging/fig-hq-banker--action-armscrossed--expr-skeptical--2fcb84cb.png
  [18/20] fig-hq-banker--action-offering--expr-deadpan--3890f623: START provider call
  [18/20] fig-hq-banker--action-offering--expr-deadpan--3890f623: OK -> _staging/fig-hq-banker--action-offering--expr-deadpan--3890f623.png
  [19/20] fig-hq-banker--point-at-thing--expr-smug--9c885731: START provider call
  [19/20] fig-hq-banker--point-at-thing--expr-smug--9c885731: OK -> _staging/fig-hq-banker--point-at-thing--expr-smug--9c885731.png
  [20/20] fig-qt-wiles--action-powerstance--expr-smug--018b2602: START provider call
  [20/20] fig-qt-wiles--action-powerstance--expr-smug--018b2602: OK -> _staging/fig-qt-wiles--action-powerstance--expr-smug--018b2602.png
  == 19 generated, 1 failed, 0 skipped, 0 held for review ==
