  [1/20] fig-return-customer--sign-with-pen--expr-deadpan--0856a20c: START provider call
  [1/20] fig-return-customer--sign-with-pen--expr-deadpan--0856a20c: OK -> _staging/fig-return-customer--sign-with-pen--expr-deadpan--0856a20c.png
  [2/20] fig-miniscribe-rep--expr-smug--105ba6bf: START provider call
  [2/20] fig-miniscribe-rep--expr-smug--105ba6bf: OK -> _staging/fig-miniscribe-rep--expr-smug--105ba6bf.png
  [3/20] fig-return-customer--expr-skeptical--105ba6bf: START provider call
  [3/20] fig-return-customer--expr-skeptical--105ba6bf: OK -> _staging/fig-return-customer--expr-skeptical--105ba6bf.png
  [4/20] fig-return-customer--action-shrug--expr-deadpan--5037a50d: START provider call
  [4/20] fig-return-customer--action-shrug--expr-deadpan--5037a50d: OK -> _staging/fig-return-customer--action-shrug--expr-deadpan--5037a50d.png
  [5/20] fig-qt-wiles--action-present--expr-delighted--816f6f2a: START provider call
  [5/20] fig-qt-wiles--action-present--expr-delighted--816f6f2a: OK -> _staging/fig-qt-wiles--action-present--expr-delighted--816f6f2a.png
  [6/20] fig-miniscribe-rep--expr-deadpan--705b0cc1: START provider call
  [6/20] fig-miniscribe-rep--expr-deadpan--705b0cc1: OK -> _staging/fig-miniscribe-rep--expr-deadpan--705b0cc1.png
  [7/20] fig-return-customer--expr-smug--705b0cc1: START provider call
  [7/20] fig-return-customer--expr-smug--705b0cc1: OK -> _staging/fig-return-customer--expr-smug--705b0cc1.png
  [8/20] fig-miniscribe-rep--action-present--expr-smug--d63b7b3c: START provider call
  [8/20] fig-miniscribe-rep--action-present--expr-smug--d63b7b3c: OK -> _staging/fig-miniscribe-rep--action-present--expr-smug--d63b7b3c.png
  [9/20] fig-auditor-rep--action-armscrossed--expr-deadpan--53d22335: START provider call
  [9/20] fig-auditor-rep--action-armscrossed--expr-deadpan--53d22335: OK -> _staging/fig-auditor-rep--action-armscrossed--expr-deadpan--53d22335.png
  [10/20] fig-auditor-rep--action-armscrossed--expr-deadpan--7fce9668: START provider call
  [10/20] fig-auditor-rep--action-armscrossed--expr-deadpan--7fce9668: OK -> _staging/fig-auditor-rep--action-armscrossed--expr-deadpan--7fce9668.png
  [11/20] fig-auditor-rep--hold-one-hand--expr-deadpan--7a7051c3: START provider call
  [11/20] fig-auditor-rep--hold-one-hand--expr-deadpan--7a7051c3: OK -> _staging/fig-auditor-rep--hold-one-hand--expr-deadpan--7a7051c3.png
  [12/20] fig-brick-foreman--point-at-thing--expr-thinking--5be86de6: START provider call
  [12/20] fig-brick-foreman--point-at-thing--expr-thinking--5be86de6: OK -> _staging/fig-brick-foreman--point-at-thing--expr-thinking--5be86de6.png
  [13/20] fig-miniscribe-rep--action-present--expr-delighted--1fbbd999: START provider call
  [13/20] fig-miniscribe-rep--action-present--expr-delighted--1fbbd999: OK -> _staging/fig-miniscribe-rep--action-present--expr-delighted--1fbbd999.png
  [14/20] fig-brick-foreman--action-armscrossed--expr-deadpan--e3499d42: START provider call
  [14/20] fig-brick-foreman--action-armscrossed--expr-deadpan--e3499d42: OK -> _staging/fig-brick-foreman--action-armscrossed--expr-deadpan--e3499d42.png
  [15/20] fig-auditor-rep--action-shrug--expr-deadpan--7e4e0ab5: START provider call
  [15/20] fig-auditor-rep--action-shrug--expr-deadpan--7e4e0ab5: OK -> _staging/fig-auditor-rep--action-shrug--expr-deadpan--7e4e0ab5.png
  [16/20] fig-line-worker--hold-one-hand--expr-crestfallen--9b0f8546: START provider call
  [16/20] fig-line-worker--hold-one-hand--expr-crestfallen--9b0f8546: OK -> _staging/fig-line-worker--hold-one-hand--expr-crestfallen--9b0f8546.png
  [17/20] fig-line-worker--hold-paper-by-sides--expr-crestfallen--877097aa: START provider call
  [17/20] fig-line-worker--hold-paper-by-sides--expr-crestfallen--877097aa: OK -> _staging/fig-line-worker--hold-paper-by-sides--expr-crestfallen--877097aa.png
  [18/20] fig-line-worker--hold-one-hand--expr-annoyed--39be0ae6: START provider call
  [18/20] fig-line-worker--hold-one-hand--expr-annoyed--39be0ae6: OK -> _staging/fig-line-worker--hold-one-hand--expr-annoyed--39be0ae6.png
  [19/20] fig-line-worker--sit--expr-smug--58cc68b6: START provider call
  [19/20] fig-line-worker--sit--expr-smug--58cc68b6: ERR no image in response
  [20/20] fig-rifenburgh-ceo--action-armscrossed--expr-thinking--15c18100: START provider call
  [20/20] fig-rifenburgh-ceo--action-armscrossed--expr-thinking--15c18100: OK -> _staging/fig-rifenburgh-ceo--action-armscrossed--expr-thinking--15c18100.png
  == 19 generated, 1 failed, 0 skipped, 0 held for review ==
