  [1/20] fig-brick-foreman--sit--expr-caught--6376f6be: START provider call
  [1/20] fig-brick-foreman--sit--expr-caught--6376f6be: OK -> _staging/fig-brick-foreman--sit--expr-caught--6376f6be.png
  [2/20] fig-auditor-rep--carry-by-handle--expr-deadpan--828ba23f: START provider call
  [2/20] fig-auditor-rep--carry-by-handle--expr-deadpan--828ba23f: OK -> _staging/fig-auditor-rep--carry-by-handle--expr-deadpan--828ba23f.png
  [3/20] fig-auditor-rep--point-at-thing--expr-thinking--33e29079: START provider call
  [3/20] fig-auditor-rep--point-at-thing--expr-thinking--33e29079: OK -> _staging/fig-auditor-rep--point-at-thing--expr-thinking--33e29079.png
  [4/20] fig-brick-foreman--action-shrug--expr-caught--1f399397: START provider call
  [4/20] fig-brick-foreman--action-shrug--expr-caught--1f399397: OK -> _staging/fig-brick-foreman--action-shrug--expr-caught--1f399397.png
  [5/20] fig-brick-foreman--surrender--expr-fear--9b76c8c6: START provider call
  [5/20] fig-brick-foreman--surrender--expr-fear--9b76c8c6: OK -> _staging/fig-brick-foreman--surrender--expr-fear--9b76c8c6.png
  [6/20] fig-brick-foreman--sign-with-pen--expr-caught--0c7070ad: START provider call
  [6/20] fig-brick-foreman--sign-with-pen--expr-caught--0c7070ad: OK -> _staging/fig-brick-foreman--sign-with-pen--expr-caught--0c7070ad.png
  [7/20] fig-auditor-rep--action-thumbsup--expr-deadpan--6c7b996d: START provider call
  [7/20] fig-auditor-rep--action-thumbsup--expr-deadpan--6c7b996d: OK -> _staging/fig-auditor-rep--action-thumbsup--expr-deadpan--6c7b996d.png
  [8/20] fig-brick-foreman--action-present--expr-smug--9e7e0fb2: START provider call
  [8/20] fig-brick-foreman--action-present--expr-smug--9e7e0fb2: OK -> _staging/fig-brick-foreman--action-present--expr-smug--9e7e0fb2.png
  [9/20] fig-qt-wiles--hold-one-hand--expr-smug--0d39a50f: START provider call
  [9/20] fig-qt-wiles--hold-one-hand--expr-smug--0d39a50f: OK -> _staging/fig-qt-wiles--hold-one-hand--expr-smug--0d39a50f.png
  [10/20] fig-brick-foreman--hold-one-hand--expr-worried--4ae94432: START provider call
  [10/20] fig-brick-foreman--hold-one-hand--expr-worried--4ae94432: OK -> _staging/fig-brick-foreman--hold-one-hand--expr-worried--4ae94432.png
  [11/20] fig-brick-foreman--hold-both-hands--expr-fear--d3048916: START provider call
  [11/20] fig-brick-foreman--hold-both-hands--expr-fear--d3048916: OK -> _staging/fig-brick-foreman--hold-both-hands--expr-fear--d3048916.png
  [12/20] fig-brick-foreman--action-armscrossed--expr-thinking--065f9f1e: START provider call
  [12/20] fig-brick-foreman--action-armscrossed--expr-thinking--065f9f1e: OK -> _staging/fig-brick-foreman--action-armscrossed--expr-thinking--065f9f1e.png
  [13/20] fig-auditor-rep--action-powerstance--expr-delighted--4a73160d: START provider call
  [13/20] fig-auditor-rep--action-powerstance--expr-delighted--4a73160d: OK -> _staging/fig-auditor-rep--action-powerstance--expr-delighted--4a73160d.png
  [14/20] fig-auditor-rep--point-at-thing--expr-deadpan--a79d034c: START provider call
  [14/20] fig-auditor-rep--point-at-thing--expr-deadpan--a79d034c: OK -> _staging/fig-auditor-rep--point-at-thing--expr-deadpan--a79d034c.png
  [15/20] fig-brick-foreman--action-present--expr-delighted--6f31db28: START provider call
  [15/20] fig-brick-foreman--action-present--expr-delighted--6f31db28: OK -> _staging/fig-brick-foreman--action-present--expr-delighted--6f31db28.png
  [16/20] fig-brick-foreman--hold-both-hands--expr-thinking--6a62e404: START provider call
  [16/20] fig-brick-foreman--hold-both-hands--expr-thinking--6a62e404: OK -> _staging/fig-brick-foreman--hold-both-hands--expr-thinking--6a62e404.png
  [17/20] fig-brick-foreman--hold-both-hands--expr-deadpan--4c5d84a5: START provider call
  [17/20] fig-brick-foreman--hold-both-hands--expr-deadpan--4c5d84a5: OK -> _staging/fig-brick-foreman--hold-both-hands--expr-deadpan--4c5d84a5.png
  [18/20] fig-brick-foreman--action-armscrossed--expr-confused--bcec381e: START provider call
  [18/20] fig-brick-foreman--action-armscrossed--expr-confused--bcec381e: OK -> _staging/fig-brick-foreman--action-armscrossed--expr-confused--bcec381e.png
  [19/20] fig-brick-foreman--back-to-viewer--e88f3bf3: START provider call
  [19/20] fig-brick-foreman--back-to-viewer--e88f3bf3: OK -> _staging/fig-brick-foreman--back-to-viewer--e88f3bf3.png
  [20/20] fig-brick-foreman--action-powerstance--expr-smug--7bf607c1: START provider call
  [20/20] fig-brick-foreman--action-powerstance--expr-smug--7bf607c1: OK -> _staging/fig-brick-foreman--action-powerstance--expr-smug--7bf607c1.png
  == 20 generated, 0 failed, 0 skipped, 0 held for review ==
