  [1/8] L39-fix: START provider call
  [1/8] L39-fix: ERR HTTP 503: {
  "error": {
    "code": 503,
    "message": "This model is currently experiencing high demand. Spikes in demand are usually temporary. Please try a
  [2/8] L44-fix: START provider call
  [2/8] L44-fix: OK -> _staging/L44-fix.png
  [3/8] L45-fix: START provider call
  [3/8] L45-fix: ERR HTTP 503: {
  "error": {
    "code": 503,
    "message": "This model is currently experiencing high demand. Spikes in demand are usually temporary. Please try a
  [4/8] L46-fix: START provider call
  [4/8] L46-fix: OK -> _staging/L46-fix.png
  [5/8] L47-fix: START provider call
  [5/8] L47-fix: ERR HTTP 503: {
  "error": {
    "code": 503,
    "message": "This model is currently experiencing high demand. Spikes in demand are usually temporary. Please try a
  [6/8] L48-fix: START provider call
  [6/8] L48-fix: OK -> _staging/L48-fix.png
  [7/8] L49-fix: START provider call
  [7/8] L49-fix: OK -> _staging/L49-fix.png
  [8/8] L38: START provider call
  [8/8] L38: ERR HTTP 503: {
  "error": {
    "code": 503,
    "message": "This model is currently experiencing high demand. Spikes in demand are usually temporary. Please try a
  == 4 generated, 4 failed, 0 skipped ==
