  [1/16] fig-miniscribe-rep--action-powerstance--expr-delighted: START provider call
  [1/16] fig-miniscribe-rep--action-powerstance--expr-delighted: OK -> _staging/fig-miniscribe-rep--action-powerstance--expr-delighted.png
  [2/16] fig-terry-johnson--action-armscrossed--expr-thinking: START provider call
  [2/16] fig-terry-johnson--action-armscrossed--expr-thinking: OK -> _staging/fig-terry-johnson--action-armscrossed--expr-thinking.png
  [3/16] fig-base--action-recoil--expr-shock--l32-36f3a4e9: START provider call
  [3/16] fig-base--action-recoil--expr-shock--l32-36f3a4e9: OK -> _staging/fig-base--action-recoil--expr-shock--l32-36f3a4e9.png
  [4/16] fig-ibm-suit--expr-smug: START provider call
  [4/16] fig-ibm-suit--expr-smug: OK -> _staging/fig-ibm-suit--expr-smug.png
  [5/16] fig-miniscribe-rep--expr-delighted: START provider call
  [5/16] fig-miniscribe-rep--expr-delighted: ERR HTTP 503: {
  "error": {
    "code": 503,
    "message": "This model is currently experiencing high demand. Spikes in demand are usually temporary. Please try a
  [6/16] fig-miniscribe-rep--action-celebrate--expr-delighted: START provider call
  [6/16] fig-miniscribe-rep--action-celebrate--expr-delighted: ERR HTTP 503: {
  "error": {
    "code": 503,
    "message": "This model is currently experiencing high demand. Spikes in demand are usually temporary. Please try a
  [7/16] fig-miniscribe-rep--action-powerstance--expr-greedy: START provider call
  [7/16] fig-miniscribe-rep--action-powerstance--expr-greedy: ERR HTTP 503: {
  "error": {
    "code": 503,
    "message": "This model is currently experiencing high demand. Spikes in demand are usually temporary. Please try a
  [8/16] fig-miniscribe-rep--action-salute--expr-delighted: START provider call
  [8/16] fig-miniscribe-rep--action-salute--expr-delighted: ERR HTTP 503: {
  "error": {
    "code": 503,
    "message": "This model is currently experiencing high demand. Spikes in demand are usually temporary. Please try a
  [9/16] fig-base--action-armscrossed--expr-deadpan--l38-3412012a: START provider call
  [9/16] fig-base--action-armscrossed--expr-deadpan--l38-3412012a: ERR HTTP 503: {
  "error": {
    "code": 503,
    "message": "This model is currently experiencing high demand. Spikes in demand are usually temporary. Please try a
  [10/16] fig-miniscribe-rep--action-offering--expr-pleading: START provider call
  [10/16] fig-miniscribe-rep--action-offering--expr-pleading: ERR HTTP 503: {
  "error": {
    "code": 503,
    "message": "This model is currently experiencing high demand. Spikes in demand are usually temporary. Please try a
  [11/16] fig-miniscribe-rep--hold-both-hands--expr-greedy: START provider call
  [11/16] fig-miniscribe-rep--hold-both-hands--expr-greedy: ERR HTTP 503: {
  "error": {
    "code": 503,
    "message": "This model is currently experiencing high demand. Spikes in demand are usually temporary. Please try a
  [12/16] fig-base--point-at-thing--expr-deadpan--l43-30b903d1: START provider call
  [12/16] fig-base--point-at-thing--expr-deadpan--l43-30b903d1: ERR HTTP 503: {
  "error": {
    "code": 503,
    "message": "This model is currently experiencing high demand. Spikes in demand are usually temporary. Please try a
  [13/16] fig-ibm-suit--action-thumbsdown--expr-annoyed: START provider call
  [13/16] fig-ibm-suit--action-thumbsdown--expr-annoyed: ERR HTTP 503: {
  "error": {
    "code": 503,
    "message": "This model is currently experiencing high demand. Spikes in demand are usually temporary. Please try a
  [14/16] fig-miniscribe-rep--action-recoil--expr-shock: START provider call
  [14/16] fig-miniscribe-rep--action-recoil--expr-shock: ERR HTTP 503: {
  "error": {
    "code": 503,
    "message": "This model is currently experiencing high demand. Spikes in demand are usually temporary. Please try a
  [15/16] fig-miniscribe-rep--action-slump--expr-worried: START provider call
  [15/16] fig-miniscribe-rep--action-slump--expr-worried: ERR HTTP 503: {
  "error": {
    "code": 503,
    "message": "This model is currently experiencing high demand. Spikes in demand are usually temporary. Please try a
  [16/16] fig-hq-banker--action-offering--expr-deadpan: START provider call
  [16/16] fig-hq-banker--action-offering--expr-deadpan: ERR HTTP 503: {
  "error": {
    "code": 503,
    "message": "This model is currently experiencing high demand. Spikes in demand are usually temporary. Please try a
  == 4 generated, 12 failed, 0 skipped ==
