  [1/19] fig-base--hold-one-hand--expr-deadpan--l27-d4b1f2ce: START provider call
  [1/19] fig-base--hold-one-hand--expr-deadpan--l27-d4b1f2ce: ERR HTTP 503: {
  "error": {
    "code": 503,
    "message": "This model is currently experiencing high demand. Spikes in demand are usually temporary. Please try a
  [2/19] fig-miniscribe-rep--action-powerstance--expr-delighted: START provider call
  [2/19] fig-miniscribe-rep--action-powerstance--expr-delighted: ERR HTTP 503: {
  "error": {
    "code": 503,
    "message": "This model is currently experiencing high demand. Spikes in demand are usually temporary. Please try a
  [3/19] fig-terry-johnson--action-armscrossed--expr-thinking: START provider call
  [3/19] fig-terry-johnson--action-armscrossed--expr-thinking: ERR HTTP 503: {
  "error": {
    "code": 503,
    "message": "This model is currently experiencing high demand. Spikes in demand are usually temporary. Please try a
  [4/19] fig-base--action-recoil--expr-shock--l32-36f3a4e9: START provider call
  [4/19] fig-base--action-recoil--expr-shock--l32-36f3a4e9: ERR HTTP 503: {
  "error": {
    "code": 503,
    "message": "This model is currently experiencing high demand. Spikes in demand are usually temporary. Please try a
  [5/19] fig-ibm-suit--expr-smug: START provider call
  [5/19] fig-ibm-suit--expr-smug: ERR The read operation timed out
  [6/19] fig-miniscribe-rep--expr-delighted: START provider call
