  [1/18] fig-miniscribe-rep--action-powerstance--expr-delighted: START provider call
  [1/18] fig-miniscribe-rep--action-powerstance--expr-delighted: ERR HTTP 503: {
  "error": {
    "code": 503,
    "message": "This model is currently experiencing high demand. Spikes in demand are usually temporary. Please try a
  [2/18] fig-terry-johnson--action-armscrossed--expr-thinking: START provider call
  [2/18] fig-terry-johnson--action-armscrossed--expr-thinking: ERR HTTP 503: {
  "error": {
    "code": 503,
    "message": "This model is currently experiencing high demand. Spikes in demand are usually temporary. Please try a
  [3/18] fig-base--action-recoil--expr-shock--l32-36f3a4e9: START provider call
  [3/18] fig-base--action-recoil--expr-shock--l32-36f3a4e9: ERR HTTP 503: {
  "error": {
    "code": 503,
    "message": "This model is currently experiencing high demand. Spikes in demand are usually temporary. Please try a
  [4/18] fig-ibm-suit--expr-smug: START provider call
  [4/18] fig-ibm-suit--expr-smug: ERR HTTP 503: {
  "error": {
    "code": 503,
    "message": "This model is currently experiencing high demand. Spikes in demand are usually temporary. Please try a
  [5/18] fig-miniscribe-rep--expr-delighted: START provider call
  [5/18] fig-miniscribe-rep--expr-delighted: ERR HTTP 503: {
  "error": {
    "code": 503,
    "message": "This model is currently experiencing high demand. Spikes in demand are usually temporary. Please try a
  [6/18] fig-miniscribe-rep--action-celebrate--expr-delighted: START provider call
  [6/18] fig-miniscribe-rep--action-celebrate--expr-delighted: ERR HTTP 503: {
  "error": {
    "code": 503,
    "message": "This model is currently experiencing high demand. Spikes in demand are usually temporary. Please try a
  [7/18] fig-miniscribe-rep--action-powerstance--expr-greedy: START provider call
  [7/18] fig-miniscribe-rep--action-powerstance--expr-greedy: ERR HTTP 503: {
  "error": {
    "code": 503,
    "message": "This model is currently experiencing high demand. Spikes in demand are usually temporary. Please try a
  [8/18] fig-miniscribe-rep--action-salute--expr-delighted: START provider call
  [8/18] fig-miniscribe-rep--action-salute--expr-delighted: ERR HTTP 503: {
  "error": {
    "code": 503,
    "message": "This model is currently experiencing high demand. Spikes in demand are usually temporary. Please try a
  [9/18] fig-base--action-armscrossed--expr-deadpan--l38-3412012a: START provider call
  [9/18] fig-base--action-armscrossed--expr-deadpan--l38-3412012a: ERR HTTP 503: {
  "error": {
    "code": 503,
    "message": "This model is currently experiencing high demand. Spikes in demand are usually temporary. Please try a
  [10/18] fig-miniscribe-rep--action-offering--expr-pleading: START provider call
  [10/18] fig-miniscribe-rep--action-offering--expr-pleading: ERR HTTP 503: {
  "error": {
    "code": 503,
    "message": "This model is currently experiencing high demand. Spikes in demand are usually temporary. Please try a
  [11/18] fig-miniscribe-rep--hold-both-hands--expr-greedy: START provider call
  [11/18] fig-miniscribe-rep--hold-both-hands--expr-greedy: ERR HTTP 503: {
  "error": {
    "code": 503,
    "message": "This model is currently experiencing high demand. Spikes in demand are usually temporary. Please try a
  [12/18] fig-base--point-at-thing--expr-deadpan--l43-30b903d1: START provider call
  [12/18] fig-base--point-at-thing--expr-deadpan--l43-30b903d1: ERR <urlopen error [WinError 10054] An existing connection was forcibly closed by the remote host>
  [13/18] fig-ibm-suit--action-thumbsdown--expr-annoyed: START provider call
  [13/18] fig-ibm-suit--action-thumbsdown--expr-annoyed: ERR HTTP 503: {
  "error": {
    "code": 503,
    "message": "This model is currently experiencing high demand. Spikes in demand are usually temporary. Please try a
  [14/18] fig-miniscribe-rep--action-recoil--expr-shock: START provider call
  [14/18] fig-miniscribe-rep--action-recoil--expr-shock: ERR HTTP 503: {
  "error": {
    "code": 503,
    "message": "This model is currently experiencing high demand. Spikes in demand are usually temporary. Please try a
  [15/18] fig-base--hold-both-hands--expr-crestfallen--miniscribe-floor-4bd17718: START provider call
  [15/18] fig-base--hold-both-hands--expr-crestfallen--miniscribe-floor-4bd17718: OK -> _staging/fig-base--hold-both-hands--expr-crestfallen--miniscribe-floor-4bd17718.png
  [16/18] fig-miniscribe-rep--action-slump--expr-worried: START provider call
  [16/18] fig-miniscribe-rep--action-slump--expr-worried: ERR HTTP 503: {
  "error": {
    "code": 503,
    "message": "This model is currently experiencing high demand. Spikes in demand are usually temporary. Please try a
  [17/18] fig-hq-banker--action-armscrossed--expr-skeptical: START provider call
  [17/18] fig-hq-banker--action-armscrossed--expr-skeptical: OK -> _staging/fig-hq-banker--action-armscrossed--expr-skeptical.png
  [18/18] fig-hq-banker--action-offering--expr-deadpan: START provider call
  [18/18] fig-hq-banker--action-offering--expr-deadpan: ERR HTTP 503: {
  "error": {
    "code": 503,
    "message": "This model is currently experiencing high demand. Spikes in demand are usually temporary. Please try a
  == 2 generated, 16 failed, 0 skipped ==
