  [1/27] L01: START provider call
  [1/27] L01: OK -> _staging/L01.png
  [2/27] L02: START provider call
  [2/27] L02: OK -> _staging/L02.png
  [3/27] L03: START provider call
  [3/27] L03: OK -> _staging/L03.png
  [4/27] L04: START provider call
  [4/27] L04: OK -> _staging/L04.png
  [5/27] L05: START provider call
  [5/27] L05: OK -> _staging/L05.png
  [6/27] L06: START provider call
  [6/27] L06: OK -> _staging/L06.png
  [7/27] L07: START provider call
  [7/27] L07: OK -> _staging/L07.png
  [8/27] L08: START provider call
  [8/27] L08: OK -> _staging/L08.png
  [9/27] L09: START provider call
  [9/27] L09: OK -> _staging/L09.png
  [10/27] L10: START provider call
  [10/27] L10: OK -> _staging/L10.png
  [11/27] L11: START provider call
  [11/27] L11: OK -> _staging/L11.png
  [12/27] L12: START provider call
  [12/27] L12: OK -> _staging/L12.png
  [13/27] L13: START provider call
  [13/27] L13: OK -> _staging/L13.png
  [14/27] L14: START provider call
  [14/27] L14: OK -> _staging/L14.png
  [15/27] L15: START provider call
  [15/27] L15: OK -> _staging/L15.png
  [16/27] L16: START provider call
  [16/27] L16: OK -> _staging/L16.png
  [17/27] L17: START provider call
  [17/27] L17: OK -> _staging/L17.png
  [18/27] L18: START provider call
  [18/27] L18: OK -> _staging/L18.png
  [19/27] L19: START provider call
  [19/27] L19: OK -> _staging/L19.png
  [20/27] L20: START provider call
  [20/27] L20: OK -> _staging/L20.png
  [21/27] fig-drive-maker--hold-both-hands--expr-smug--a53aa722: START provider call
  [21/27] fig-drive-maker--hold-both-hands--expr-smug--a53aa722: OK -> _staging/fig-drive-maker--hold-both-hands--expr-smug--a53aa722.png
  [22/27] L21: skip (seed awaits review) — L21: figure `fig-drive-maker--hold-both-hands--expr-smug--a53aa722` refused as a seed — it has no review record in channels/the-second-take/visual-kit/_staging/review.json. Every asset whose pixels seed a scene carries a human ruling (P3); render it onto the review board and record the verdicts (the ONLY writer):
  [23/27] fig-drive-maker--action-offering--expr-smug--67d56515: START provider call
  [23/27] fig-drive-maker--action-offering--expr-smug--67d56515: OK -> _staging/fig-drive-maker--action-offering--expr-smug--67d56515.png
  [24/27] L22: skip (seed awaits review) — L22: figure `fig-drive-maker--action-offering--expr-smug--67d56515` refused as a seed — it has no review record in channels/the-second-take/visual-kit/_staging/review.json. Every asset whose pixels seed a scene carries a human ruling (P3); render it onto the review board and record the verdicts (the ONLY writer):
  [25/27] L23: START provider call
  [25/27] L23: OK -> _staging/L23.png
  [26/27] L24: START provider call
  [26/27] L24: OK -> _staging/L24.png
  [27/27] L25: START provider call
  [27/27] L25: OK -> _staging/L25.png
  == 25 generated, 0 failed, 0 skipped, 2 held for review ==
